// Jest Snapshot v1, https://goo.gl/fbAQLP

exports[`components/DumbBtn Component can render 1`] = `
<button
  onClick={[Function]}
>
  TestTitle
</button>
`;
